============================================
NACOS QR — POST-FIX VERIFICATION
============================================

[1] Prisma singleton exists
PASS

[2] Zero 'new PrismaClient()' in app/ or lib/ (excluding lib/prisma.ts)
Count: 0 (expect 0)
PASS

[3] Zero 'as any' in codebase
Count: 0 (expect 0)
PASS

[4] TypeScript compilation (tsc --noEmit)
TS errors: 0 (expect 0)
PASS

[5] Production build (npm run build)
Exit code: 0 (expect 0)
PASS

[6] No 'Create Next App' in metadata
Count: 0 (expect 0)
PASS

[7] Prisma schema valid
The schema at prisma/schema.prisma is valid 🚀

[8] All admin routes have auth checks
app/api/admin/memos/route.ts: auth_checks=3
app/api/admin/memos/[id]/route.ts: auth_checks=2

[9] .env is gitignored
Count: 1 (expect 1)

[10] No database files tracked
Count: 0 (expect 0)
PASS

============================================
VERIFICATION COMPLETE
============================================
